../Core/Src/main.c:65:13:DWT_Init	4	static
../Core/Src/main.c:77:20:Burn_1us	16	static,ignoring_inline_asm
../Core/Src/main.c:87:13:run_function_call_test	16	static
../Core/Src/main.c:110:5:main	8	static
../Core/Src/main.c:145:6:StartTask_FunctionCall	16	static
../Core/Src/main.c:172:6:StartTask_SVC_Call	16	static
../Core/Src/main.c:198:6:MonitorTask	24	static
../Core/Src/main.c:230:6:SystemClock_Config	88	static
../Core/Src/main.c:256:13:MX_GPIO_Init	24	static
../Core/Src/main.c:265:6:HAL_TIM_PeriodElapsedCallback	16	static
../Core/Src/main.c:269:6:Error_Handler	4	static,ignoring_inline_asm
